%%%%%%%%%%%%%%%%%%%%%%%%%%%%%%%%%%
Installation TexLive 2022 iso
%%%%%%%%%%%%%%%%%%%%%%%%%%%%%%%%%%

1. Mounter l'iso (faites un clic droit et faites le choix approprié)

2. Ouvrir le terminal dans le repertoire où se trouve le fichier iso (texlive2022-20220321.iso) et installer perl-tk (nécessaire pour l'interface graphique de l'installateur)
$ sudo apt install perl-tk

2.1. Créer le répertoire d'installation et modifier le propriétaire de ce dernier (ici taamangtchu devient proprietaire)
$ sudo mkdir -p /usr/local/texlive/2022 && sudo chown -R taamangtchu /usr/local/texlive


3. Installer en mode graphique S'assurer que tk est installée (sudo apt install tk)
$ ./install-tl -gui

configurer les packages à installer et lancer l'installation

3.1 Installation en mode non graphique rapide en utilisant un fichier profile
$ ./install-tl --profile /CheminFichierProfile

Example
$ ./install-tl --profile /media/nesg/NESG8GO/TEXLIVE/MyTL2022Linux.profile


4. Configurer la variable PATH
$ gedit  ~/.bashrc

et ajouter

#>>>>>>>TexLive 2022>>>>>
PATH=/usr/local/texlive/2022/bin/x86_64-linux:$PATH; export PATH
MANPATH=/usr/local/texlive/2022/texmf-dist/doc/man:$MANPATH; export MANPATH
INFOPATH=/usr/local/texlive/2022/texmf-dist/doc/info:$INFOPATH; export INFOPATH
# <<<<<<TexLive 2022 <<<<<<<<

$ gedit  ~/.profile

et ajouter

# >>>>>>>>>>>TeXlive>>>>>>>>>>>>>>>>>>>>>>>>>>>>>>>>>>>>>>>>>>>>>>>>>>
if [ -d "/usr/local/texlive/2022/bin/x86_64-linux" ] ; then
    PATH="$HOME/usr/local/texlive/2022/bin/x86_64-linux:$PATH"
    fi
if [ -d "/usr/local/texlive/2022/texmf-dist/doc/man" ] ; then
    MANPATH="/usr/local/texlive/2022/texmf-dist/doc/man:$MANPATH"
    fi
 if [ -d "/usr/local/texlive/2022/texmf-dist/doc/info" ] ; then
    INFOPATH="/usr/local/texlive/2022/texmf-dist/doc/info:$INFOPATH"
    fi
#<<<<<<<<<<TeXlive<<<<<<<<<<<<<<<<<<<<<<<<<<<<<<<<<<<<<<<<<<<<<<<<<<<<<<

Sauvegarder et fermer les fichiers. 

5. Activer les changements
$ source ~/.bashrc
$ source ~/.profile

6. Verifier la prise en compte des changements
$ echo $PATH

7. Ajouter  

$ sudo gedit /etc/environment

Ajouter

/usr/local/texlive/2022/bin/x86_64-linux:

# Le contenu final du fichier devrait donc ressembler à cela :

PATH="/usr/local/texlive/2022/bin/x86_64-linux:/usr/local/sbin:/usr/local/bin:/usr/sbin:/usr/bin:/sbin:/bin:/usr/games:/usr/local/games"

8. Sauvegarder et fermer le fichier. 

9. Activer les changements
$ source /etc/environment

10. Démonter l'iso en utilisant le clic droit

11. Faire en sorte que Ubuntu sache que texlive est installé
$ sudo apt install equivs --no-install-recommends freeglut3
$ wget -O debian-equivs-2022-ex.txt https://www.tug.org/texlive/files/debian-equivs-2022-ex.txt

$ equivs-build debian-equivs-2022-ex.txt
$ sudo dpkg -i texlive-local_2022.99999999-1_all.deb && sudo apt install -f

11.1. Vérifier la version de texlive installée
$ tex --version
ou
$ latex --version
ou
$ whereis latex
et vous aurez
$ latex: /usr/local/texlive/2022/bin/x86_64-linux/latex

12. S'il arrive que lors de la commande pour activer TL Manager
$ tlmgr --gui

affiche le message d'erreur " tlmgr: command not found", alors entrer

$ sudo env PATH="$PATH" tlmgr --gui

%%%%%%%%%%%%%%%%%%%%%%%%%%%%%%%%%%%
Désintallation texlive2022 iso
%%%%%%%%%%%%%%%%%%%%%%%%%%%%%%%%%%%

$ sudo rm -rf /usr/local/texlive/* && sudo rm -rf /usr/local/share/texmf && rm -rf ~/.texlive*


%%%%%%%%%%%%%%%%%%%%%%%%%%%%%%%%%%%%%%%%%%%%
Intallation et configuration de TeXstudio
%%%%%%%%%%%%%%%%%%%%%%%%%%%%%%%%%%%%%%%%%%%%

1. Installation online
$ sudo apt install texstudio

2. Installation par un fichier deb local
2.1. Ouvrir le terminal dans le repertoire contenant le fichier deb

2.2. Installer en activant les dépendances
$ sudo dpkg -i texstudioxxxxx.deb -y && sudo apt install -f -y && sudo dpkg -i texstudioxxxxx.deb -y

3. Configurer texstudio
3.1. Indiquer le chemin où se trouve les fichiers bin de texlive. Pour cela entrer dans le terminal
$ which latex
On obtient par exemple
$ /usr/local/texlive/2022/bin/x86_64-linux/latex

3.2. Demarrer TeXstudio

3.3. Copier la sortie de "which latex", i.e. "/usr/local/texlive/2022/bin/x86_64-linux/latex" et inserer dans
"Options/Configurer TeXstudio/Production/Commandes ($PATH)"

3.4. Continuer les configurations à sa convenance

4. Configuration de LanguageTool
4.1. Si comme moi vous avez une version de languagetool téléchargée et contenu dans le repertoire "LanguageTool5.x" par exemple, 

4.1.a. Copier ce repertoire dans "opt/"

4.1.b. Indiquer le chemin où se trouve le fichier "languagetool-server.jar"
Pour celà, aller à "Options/Configurer TeXstudio/Contrôle la langue/Chemin LT" et 
insérer "opt/LanguageTool-5.x/languagetool-server.jar"  

4.1.c. Installer une distribution java, par exemple
$ sudo apt install opengdk-18-jre -y

4.2. Si vous devz faire plutôt une installation online
4.2.1. Taper
$ sudo snap install languagetool

4.2.2. Reprendre les procédures 4.1.b. et 4.1.c.

5. Tester son installation de Latex dans TeXstudio
Cliquer "Aide/Verifier l'installation LaTeX"
Si tout va bien, et fichier "rapport-systeme.txt" sera créer et vous verrez "Processus terminé normalement"

6. Tester son installation de LanguageTool dans TeXstudio
Cliquer "Aide/Verifier LanguageTool"
Si tout va bien, vous verrez dans le fichier "Rapport LT.txt" et vous verrez "Processus terminé normalement"

